// just for testing purpose! commit name: test 1
    //update: not working using vscode
    // commited using GitHub Desktop application
    // after commiting using desktop
    // yes it worked with its app
    // now tried after talking to Ritik!
    // done everyhtiung from first using git init cloninig form first
//    Last login: Sun Jul 18 20:48:18 on ttys001
// hrithiksagar@Hrithiks-MacBook-Air Competetive-Programming % git init
// Reinitialized existing Git repository in /Users/hrithiksagar/Documents/GitHub/Competetive-Programming/.git/
// hrithiksagar@Hrithiks-MacBook-Air Competetive-Programming % git status
// On branch main
// Your branch is up to date with 'origin/main'.

// Changes to be committed:
//   (use "git restore --staged <file>..." to unstage)
// 	modified:   C++/8. Array/Leet Code/ThreeSum.cpp

// Changes not staged for commit:
//   (use "git add <file>..." to update what will be committed)
//   (use "git restore <file>..." to discard changes in working directory)
// 	modified:   C++/8. Array/Leet Code/ThreeSum.cpp

// hrithiksagar@Hrithiks-MacBook-Air Competetive-Programming % git add --all
// hrithiksagar@Hrithiks-MacBook-Air Competetive-Programming % git status
// On branch main
// Your branch is up to date with 'origin/main'.

// Changes to be committed:
//   (use "git restore --staged <file>..." to unstage)
// 	modified:   C++/8. Array/Leet Code/ThreeSum.cpp

// hrithiksagar@Hrithiks-MacBook-Air Competetive-Programming % git commit -m "tried commiting using git commands by ritik"
// [main f765efb] tried commiting using git commands by ritik
//  1 file changed, 4 insertions(+), 1 deletion(-)
// hrithiksagar@Hrithiks-MacBook-Air Competetive-Programming % git push
// Enumerating objects: 11, done.
// Counting objects: 100% (11/11), done.
// Delta compression using up to 8 threads
// Compressing objects: 100% (6/6), done.
// Writing objects: 100% (6/6), 666 bytes | 666.00 KiB/s, done.
// Total 6 (delta 4), reused 0 (delta 0), pack-reused 0
// remote: Resolving deltas: 100% (4/4), completed with 4 local objects.
// To https://github.com/hrithiksagar/Competetive-Programming.git
//    fb9e029..f765efb  main -> main
// hrithiksagar@Hrithiks-MacBook-Air Competetive-Programming % 

//optional commands:
// git clone url
// git init
// compulsory commands
// git status
// git add --all
// git status
// git commit -m "any message"
// git push 
// git log // it will show all previous commits
// to change branch // code // 
// default is default master branch
// git checkout branchname

// commiting using vs code


//

updated gpg:: terminal history
Last login: Sun Jul 18 21:15:42 on ttys000
hrithiksagar@Hrithiks-MacBook-Air ~ % git config --global gpg.program gpg2

hrithiksagar@Hrithiks-MacBook-Air ~ % brew install pinentry 
Updating Homebrew...
==> Homebrew is run entirely by unpaid volunteers. Please consider donating:
  https://github.com/Homebrew/brew#donations
==> Auto-updated Homebrew!
Updated 2 taps (homebrew/core and homebrew/cask).
==> Updated Formulae
Updated 138 formulae.
==> Updated Casks
Updated 7 casks.

Warning: pinentry 1.1.1 is already installed and up-to-date.
To reinstall 1.1.1, run:
  brew reinstall pinentry
hrithiksagar@Hrithiks-MacBook-Air ~ % gpgconf --kill gpg-agent

hrithiksagar@Hrithiks-MacBook-Air ~ % gpg2 -K --keyid-format SHORT

zsh: command not found: gpg2
hrithiksagar@Hrithiks-MacBook-Air ~ % gpg -K --keyid-format SHORT 

gpg: checking the trustdb
gpg: marginals needed: 3  completes needed: 1  trust model: pgp
gpg: depth: 0  valid:   1  signed:   0  trust: 0-, 0q, 0n, 0m, 0f, 1u
gpg: next trustdb check due at 2023-07-18
/Users/hrithiksagar/.gnupg/pubring.kbx
--------------------------------------
sec   ed25519/59EED8ED 2021-07-18 [SC] [expires: 2023-07-18]
      F5C64315873B9FFE8B66DEA2375243A959EED8ED
uid         [ultimate] hrithik <hrithiksagar36@gmail.com>
ssb   cv25519/6922C1C6 2021-07-18 [E] [expires: 2023-07-18]

hrithiksagar@Hrithiks-MacBook-Air ~ % gpg --gen-key 

gpg (GnuPG) 2.3.1; Copyright (C) 2021 Free Software Foundation, Inc.
This is free software: you are free to change and redistribute it.
There is NO WARRANTY, to the extent permitted by law.

Note: Use "gpg --full-generate-key" for a full featured key generation dialog.

GnuPG needs to construct a user ID to identify your key.

Real name: hrithik
Email address: hrithiksagar36@gmail.com
You selected this USER-ID:
    "hrithik <hrithiksagar36@gmail.com>"

Change (N)ame, (E)mail, or (O)kay/(Q)uit? o
We need to generate a lot of random bytes. It is a good idea to perform
some other action (type on the keyboard, move the mouse, utilize the
disks) during the prime generation; this gives the random number
generator a better chance to gain enough entropy.
We need to generate a lot of random bytes. It is a good idea to perform
some other action (type on the keyboard, move the mouse, utilize the
disks) during the prime generation; this gives the random number
generator a better chance to gain enough entropy.
gpg: key 46D5175B24443A11 marked as ultimately trusted
gpg: revocation certificate stored as '/Users/hrithiksagar/.gnupg/openpgp-revocs.d/9E73E158EB00E347A1DB73A946D5175B24443A11.rev'
public and secret key created and signed.

pub   ed25519 2021-07-18 [SC] [expires: 2023-07-18]
      9E73E158EB00E347A1DB73A946D5175B24443A11
uid                      hrithik <hrithiksagar36@gmail.com>
sub   cv25519 2021-07-18 [E] [expires: 2023-07-18]

hrithiksagar@Hrithiks-MacBook-Air ~ % gpg2 -K --keyid-format SHORT 

zsh: command not found: gpg2
hrithiksagar@Hrithiks-MacBook-Air ~ % gpg -K --keyid-format SHORT  

gpg: checking the trustdb
gpg: marginals needed: 3  completes needed: 1  trust model: pgp
gpg: depth: 0  valid:   2  signed:   0  trust: 0-, 0q, 0n, 0m, 0f, 2u
gpg: next trustdb check due at 2023-07-18
/Users/hrithiksagar/.gnupg/pubring.kbx
--------------------------------------
sec   ed25519/59EED8ED 2021-07-18 [SC] [expires: 2023-07-18]
      F5C64315873B9FFE8B66DEA2375243A959EED8ED
uid         [ultimate] hrithik <hrithiksagar36@gmail.com>
ssb   cv25519/6922C1C6 2021-07-18 [E] [expires: 2023-07-18]

sec   ed25519/24443A11 2021-07-18 [SC] [expires: 2023-07-18]
      9E73E158EB00E347A1DB73A946D5175B24443A11
uid         [ultimate] hrithik <hrithiksagar36@gmail.com>
ssb   cv25519/846F9556 2021-07-18 [E] [expires: 2023-07-18]

hrithiksagar@Hrithiks-MacBook-Air ~ % 
